
> vite_react_shadcn_ts@0.0.0 build
> vite build

[36mvite v5.4.21 [32mbuilding for production...[36m[39m
transforming...
[32mÔ£ô[39m 3935 modules transformed.
rendering chunks...
computing gzip size...
[2mdist/[22m[32mmanifest.webmanifest                        [39m[1m[2m    0.47 kB[22m[1m[22m
[2mdist/[22m[32mindex.html                                  [39m[1m[2m    2.37 kB[22m[1m[22m[2m Ôöé gzip:   0.86 kB[22m
[2mdist/[22m[35massets/index-CX0zptcu.css                   [39m[1m[2m  170.42 kB[22m[1m[22m[2m Ôöé gzip:  25.16 kB[22m
[2mdist/[22m[36massets/workbox-window.prod.es5-vqzQaGvo.js  [39m[1m[2m    5.72 kB[22m[1m[22m[2m Ôöé gzip:   2.35 kB[22m
[2mdist/[22m[36massets/purify.es-BaNf_EpD.js                [39m[1m[2m   24.29 kB[22m[1m[22m[2m Ôöé gzip:   9.18 kB[22m
[2mdist/[22m[36massets/index.es-jJxVU02Y.js                 [39m[1m[2m  150.42 kB[22m[1m[22m[2m Ôöé gzip:  51.39 kB[22m
[2mdist/[22m[36massets/html2canvas.esm-CBrSDip1.js          [39m[1m[2m  201.42 kB[22m[1m[22m[2m Ôöé gzip:  48.03 kB[22m
[2mdist/[22m[36massets/index-B-2NMGWB.js                    [39m[1m[33m2,987.95 kB[39m[22m[2m Ôöé gzip: 810.89 kB[22m
node.exe : [33m
No linha:1 caractere:1
+ & "C:\Program Files\nodejs/node.exe" "C:\Program Files\nodejs/node_mo ...
+ ~~~~~~~~~~~~~~~~~~~~~~~~~~~~~~~~~~~~~~~~~~~~~~~~~~~~~~~~~~~~~~~~~~~~~
    + CategoryInfo          : NotSpecified: ([33m:String) [], RemoteException
    + FullyQualifiedErrorId : NativeCommandError
 
(!) Some chunks are larger than 500 kB after minification. Consider:
- Using dynamic import() to code-split the application
- Use build.rollupOptions.output.manualChunks to improve chunking: 
https://rollupjs.org/configuration-options/#output-manualchunks
- Adjust chunk size limit for this warning via build.chunkSizeWarningLimit.[39m
[32mÔ£ô built in 11.08s[39m

PWA v1.2.0
mode      generateSW
precache  15 entries (3504.51 KiB)
files generated
  dist/sw.js
  dist/workbox-c2066f9b.js
